[2026-07-31 13:17:03,192]: [Main.py]: <module>: 21:       INFO:    [Started]
[2026-07-31 13:17:04,661]: [Iron_Scraper.py]: Scrap: 32:       INFO:    [Data Scaraped Successfully]
[2026-07-31 13:17:04,844]: [Iron_Scraper.py]: Scrap: 70:       INFO:    [Scrapped Data Has No Problem]
[2026-07-31 13:17:04,845]: [Iron_Scraper.py]: Scrap: 83:       INFO:    [Data Saved Successfully]
[2026-07-31 13:17:04,845]: [Iron.py]: Run: 26:       INFO:    [Scraping Phase Completed]
[2026-07-31 13:17:04,845]: [Iron_Data_Processor.py]: Data_Reader: 61:       INFO:    [Data File Has Been Red Successfully]
[2026-07-31 13:17:04,845]: [Iron_Data_Processor.py]: Shaper: 78:       INFO:    [Data Shaped]
[2026-07-31 13:17:04,846]: [Iron_Data_Processor.py]: Process: 228:       INFO:    [Data Cleaned]
[2026-07-31 13:17:04,846]: [Iron_Data_Processor.py]: Make_Pages_Objects: 101:       INFO:    [Page Objects Has Been Made]
[2026-07-31 13:17:04,846]: [Iron_Data_Processor.py]: Make_Pages_Objects: 101:       INFO:    [Page Objects Has Been Made]
[2026-07-31 13:17:04,846]: [Iron_Data_Processor.py]: Load_Data: 118:       INFO:    [Data Has Been Load]
[2026-07-31 13:17:04,846]: [Iron_Data_Processor.py]: Load_Data: 118:       INFO:    [Data Has Been Load]
[2026-07-31 13:17:04,846]: [Iron_Data_Processor.py]: Load_positions: 140:       INFO:    [Positions Are Ready]
[2026-07-31 13:17:04,846]: [Iron_Data_Processor.py]: Load_positions: 140:       INFO:    [Positions Are Ready]
[2026-07-31 13:17:06,155]: [Iron_Data_Processor.py]: Make_Tagged_Images: 193:       INFO:    [Images Has Been Made]
[2026-07-31 13:17:07,225]: [Iron_Data_Processor.py]: Make_Tagged_Images: 193:       INFO:    [Images Has Been Made]
[2026-07-31 13:17:07,516]: [Iron_Data_Processor.py]: Make_Cover_Page: 215:       INFO:    [Made Cover Pages]
[2026-07-31 13:17:07,517]: [Iron.py]: Run: 29:       INFO:    [Imagination Phase Completed]
[2026-07-31 13:17:11,125]: [Phone_Scraper.py]: Scrap: 58:       INFO:    [Data Scraped]
[2026-07-31 13:17:11,126]: [Phone_Scraper.py]: Scrap: 71:       INFO:    [Scraped Data Successfully]
[2026-07-31 13:17:11,126]: [Phone.py]: Run: 26:       INFO:    [Scraping Phase Complete]
[2026-07-31 13:17:11,126]: [Phone_Data_Processor.py]: data_reader: 38:       INFO:    [Scraped Data Loaded]
[2026-07-31 13:17:11,127]: [Phone_Data_Processor.py]: filter_list: 65:       INFO:    [Persian Phrases Are deleted]
[2026-07-31 13:17:11,127]: [Phone_Data_Processor.py]: reshape_list: 87:       INFO:    [Date Reshaped]
[2026-07-31 13:17:11,128]: [Phone_Data_Processor.py]: separate_brands: 124:       INFO:    [Brands Are Separated]
[2026-07-31 13:17:11,128]: [Phone_Data_Processor.py]: delete_extra_spaces: 141:       INFO:    [Extra Spaces Are Deleted]
[2026-07-31 13:17:11,699]: [Phone.py]: Run: 29:       INFO:    [Imagination Phase Complete]
[2026-07-31 13:17:11,700]: [selector_events.py]: __init__: 64:       DEBUG:    [Using selector: EpollSelector]
[2026-07-31 13:17:11,993]: [_bot.py]: _do_post: 643:       DEBUG:    [Calling Bot API endpoint `getMe` with parameters `{}`]
[2026-07-31 13:17:11,999]: [_trace.py]: atrace: 87:       DEBUG:    [connect_tcp.started host='api.telegram.org' port=443 local_address=None timeout=5.0 socket_options=None]
[2026-07-31 13:17:12,167]: [_trace.py]: atrace: 87:       DEBUG:    [connect_tcp.complete return_value=<httpcore._backends.anyio.AnyIOStream object at 0x7f06afc10fe0>]
[2026-07-31 13:17:12,167]: [_trace.py]: atrace: 87:       DEBUG:    [start_tls.started ssl_context=<ssl.SSLContext object at 0x7f06b046f550> server_hostname='api.telegram.org' timeout=5.0]
[2026-07-31 13:17:12,268]: [_trace.py]: atrace: 87:       DEBUG:    [start_tls.complete return_value=<httpcore._backends.anyio.AnyIOStream object at 0x7f06afe4c260>]
[2026-07-31 13:17:12,269]: [_trace.py]: atrace: 87:       DEBUG:    [send_request_headers.started request=<Request [b'POST']>]
[2026-07-31 13:17:12,269]: [_trace.py]: atrace: 87:       DEBUG:    [send_request_headers.complete]
[2026-07-31 13:17:12,269]: [_trace.py]: atrace: 87:       DEBUG:    [send_request_body.started request=<Request [b'POST']>]
[2026-07-31 13:17:12,269]: [_trace.py]: atrace: 87:       DEBUG:    [send_request_body.complete]
[2026-07-31 13:17:12,269]: [_trace.py]: atrace: 87:       DEBUG:    [receive_response_headers.started request=<Request [b'POST']>]
[2026-07-31 13:17:15,202]: [_trace.py]: atrace: 87:       DEBUG:    [receive_response_headers.complete return_value=(b'HTTP/1.1', 401, b'Unauthorized', [(b'Server', b'nginx/1.30.1'), (b'Date', b'Fri, 31 Jul 2026 13:17:15 GMT'), (b'Content-Type', b'application/json'), (b'Content-Length', b'58'), (b'Connection', b'keep-alive'), (b'Strict-Transport-Security', b'max-age=31536000; includeSubDomains; preload'), (b'Access-Control-Allow-Origin', b'*'), (b'Access-Control-Expose-Headers', b'Content-Length,Content-Type,Date,Server,Connection')])]
[2026-07-31 13:17:15,202]: [_client.py]: _send_single_request: 1740:       INFO:    [HTTP Request: POST https://api.telegram.org/bot6030805959:AAGUHAMxLYc-PrevgKouJ3ZyM7ktu56ftjo/getMe "HTTP/1.1 401 Unauthorized"]
[2026-07-31 13:17:15,202]: [_trace.py]: atrace: 87:       DEBUG:    [receive_response_body.started request=<Request [b'POST']>]
[2026-07-31 13:17:15,202]: [_trace.py]: atrace: 87:       DEBUG:    [receive_response_body.complete]
[2026-07-31 13:17:15,202]: [_trace.py]: atrace: 87:       DEBUG:    [response_closed.started]
[2026-07-31 13:17:15,202]: [_trace.py]: atrace: 87:       DEBUG:    [response_closed.complete]
[2026-07-31 13:17:15,203]: [_bot.py]: shutdown: 777:       DEBUG:    [This Bot is already shut down. Returning.]
[2026-07-31 13:17:15,203]: [Telegram_Sender.py]: runner: 59:       CRITICAL:    [didnt sent]
[2026-07-31 13:17:15,204]: [Main.py]: <module>: 48:       INFO:    [Finished]
